// Jest Snapshot v1, https://goo.gl/fbAQLP

exports[`renders correctly 1`] = `
<div
  className="sc-bdnxRM fWCeML"
  id="header"
>
  sample data1
</div>
`;
